******************* ESD Resistance checks **************************
 Power Nets : VDDMAIN 
 Ground Nets : AVSS 
 Signal Nets : INTB SCL SDA 
 Threshold : 3.100000
 Report created : 2016-May-10 09:04:15 (2016-May-10 16:04:15 GMT)
 Host name : sjfib151
*************************************************************************
 Net : VDDMAIN
	 --------------------------------------------------------------
	 Node Name                              Reffective  Pass/Fail
	 --------------------------------------------------------------
	 -------------------
	 ESD macro device : NDIO5
	 -------------------
	 DANATOP/iVMAIN/I27/I0/DD1<0>#NEG        0.694301      pass
	 DANATOP/iVMAIN/I27/I0/DD1<1>#NEG        0.694301      pass
	 DANATOP/iVMAIN/I27/I0/DD1<2>#NEG        0.694301      pass
	 
	 -------------------
	 ESD macro device : nmos_5p0_sab_ex
	 -------------------
	 XANATOP/iVMAIN/iLDO/iLDO/PROGC/MM3@1#d     42.812000  fail
	 XANATOP/iVMAIN/iLDO/iLDO/PROGC/MM3#d       42.813000  fail
	
	 XANATOP/iVMAIN/I27/I0/M0/M0#d           0.343517      pass
	 XANATOP/iVMAIN/I27/I0/M0__2/M0#d        0.344517      pass
		 
 Net : AVSS

	 ---------------------------------------------------------------
	 Node Name                                 Reffective   Pass/Fail
	 ---------------------------------------------------------------
       ESD macro device : NDIO5
	 -----------------------
	 DPMU_DIGTOP/PMU_DIGPADS/SCL_PAD/I6/DDN<0>#POS  0.001000   pass
	 DPMU_DIGTOP/PMU_DIGPADS/SCL_PAD/I6/DDN<1>#POS  0.001000   pass
	 
	 DPMU_DIGTOP/PMU_DIGPADS/VDDC_CLAMP2/DD1<0>#POS 0.001000   pass
	 