******************* ESD Resistance checks **************************
 Power Nets : VDDMAIN 
 Ground Nets : AVSS 
 Signal Nets : INTB SCL SDA 
 Threshold : 3.100000
 Report created : 2016-May-10 19:29:36 (2016-May-11 02:29:36 GMT)
 Host name : sjfib151
********************************************************************************************

pin-ESD-reff    ESD-terminal  ESD-ESD-reff  ESD-terminal  ESD-pin-reff  pin-name total-reff    
--------------------------------------------------------------------------------------------
---------------------------
Net    :    VDDMAIN
---------------------------
Effective resistance to AVSS 	 : 1.24

	 0.72    DANATOP/iVMAIN/I27/I0/DD1<5>#NEG  0.29  XANATOP/iVMAIN/I27/I0/M0__132/M0#d   0.23   AVSS     1.24
	 0.72    DANATOP/iVMAIN/I27/I0/DD1<5>#NEG  0.28  XANATOP/iVMAIN/I27/I0/M0__130/M0#d   0.23   AVSS     1.23
	 0.68    DANATOP/iVMAIN/I27/I0/DD1<12>#NEG 0.27  XANATOP/iVMAIN/I27/I0/M0__20/M0#d    0.21   AVSS     1.17
	 0.68    DANATOP/iVMAIN/I27/I0/DD1<6>#NEG  0.27  XANATOP/iVMAIN/I27/I0/M0__16/M0#d    0.21   AVSS     1.16
	
---------------------------
Net    :    INTB
---------------------------
Effective resistance to AVSS 	 : 2.08

 ---    DPMU_DIGTOP/PMU_DIGPADS/INTB_PAD/I6/DPD<2>#POS   1.07  XPMU_DIGTOP/PMU_DIGPADS/INTB_PAD/I6/MBN<6>__2/M0#d  1.01 AVSS  2.08
 ---    DPMU_DIGTOP/PMU_DIGPADS/INTB_PAD/I6/DPD<0>#POS   1.07  XPMU_DIGTOP/PMU_DIGPADS/INTB_PAD/I6/MBN<6>__2/M0#d  1.01 AVSS  2.08
       _PAD/I6/DDN<14>#NEG                               1.06  XPMU_DIGTOP/PMU_DIGPADS/INTB_PAD/I6/MBN<11>__2/M0#d 1.01 AVSS  2.07
 ---    DPMU_DIGTOP/PMU_DIGPADS/INTB_PAD/I6/DDN<12>#NEG  1.06  XPMU_DIGTOP/PMU_DIGPADS/INTB_PAD/I6/MBN<11>__2/M0#d 1.01 AVSS  2.07
 ---    DPMU_DIGTOP/PMU_DIGPADS/INTB_PAD/I6/DDN<3>#NEG   1.06  XPMU_DIGTOP/PMU_DIGPADS/INTB_PAD/I6/MBN<11>__2/M0#d 1.01 AVSS  2.07
2/M0#d  0.99    AVSS          2.03
 ---    DPMU_DIGTOP/PMU_DIGPADS/INTB_PAD/I6/DPD<16>#POS  1.04  XPMU_DIGTOP/PMU_DIGPADS/INTB_PAD/I6/MBN<19>__2/M0#d 0.99 AVSS  2.03
 ---    DPMU_DIGTOP/PMU_DIGPADS/INTB_PAD/I6/DPD<18>#POS  1.04  XPMU_DIGTOP/PMU_DIGPADS/INTB_PAD/I6/MBN<19>__2/M0#d 0.99 AVSS  2.03
----------------------------------------------------------------------------------------------------------------------------------
